exports[`<LoginPage /> should render with <LoginForm /> 1`] = `
<div
  className="row">
  <div
    className="col-md-6">
    <h2>
      Log in to App Management
    </h2>
    <p>
      Don\'t have an account? 
      <Link
        onlyActiveOnIndex={false}
        style={Object {}}
        to="/signup">
        Sign Up here
      </Link>
    </p>
    <ErrorAlert />
    <LoadingSpinner />
    <ReduxForm
      onSubmit={[Function]} />
  </div>
</div>
`;
