exports[`<AppRoutes /> render renders the router and routes 1`] = `
<Router
  history={
    Object {
      "createHref": [Function],
      "createKey": [Function],
      "createLocation": [Function],
      "createPath": [Function],
      "getCurrentLocation": [Function],
      "go": [Function],
      "goBack": [Function],
      "goForward": [Function],
      "listen": [Function],
      "listenBefore": [Function],
      "push": [Function],
      "replace": [Function],
      "transitionTo": [Function],
    }
  }
  render={[Function]}>
  <Route
    component={[Function]}
    path="/">
    <IndexRoute
      component={[Function]}
      onEnter={[Function]} />
    <Route
      component={[Function]}
      onEnter={[Function]}
      path="new" />
    <Route
      component={[Function]}
      onEnter={[Function]}
      path="details/:id" />
    <Route
      component={[Function]}
      onEnter={[Function]}
      path="login" />
    <Route
      component={[Function]}
      onEnter={[Function]}
      path="signup" />
    <Route
      component={[Function]}
      onEnter={[Function]}
      path="logout" />
    <Route
      component={[Function]}
      path="*" />
  </Route>
</Router>
`;
