exports[`<LoadingSpinner /> should display a default message if no message is given 1`] = `
<h3>
  <i
    className="fa fa-spinner fa-spin" />
   
  Loading...
</h3>
`;

exports[`<LoadingSpinner /> should display nothing if not loading 1`] = `null`;

exports[`<LoadingSpinner /> should render when loading and given a message 1`] = `
<h3>
  <i
    className="fa fa-spinner fa-spin" />
   
  Fetching data
</h3>
`;
